tests/doc/doc14.c:22: warning: no description found for function constructor
