tests/doc/doc2.c:7: warning: No description found for parameter 'arg2'
op_add
tests/doc/doc2.c:18: warning: No description found for parameter 'ac'
main
