tests/spaces/spaces2.c:11: ERROR: "foo* bar" should be "foo *bar"
tests/spaces/spaces2.c:11: ERROR: "foo* bar" should be "foo *bar"
tests/spaces/spaces2.c:13: ERROR: "foo* bar" should be "foo *bar"
tests/spaces/spaces2.c:14: ERROR: "foo* bar" should be "foo *bar"
tests/spaces/spaces2.c:17: ERROR: spaces prohibited around that '->' (ctx:VxW)
tests/spaces/spaces2.c:18: ERROR: spaces prohibited around that '->' (ctx:WxV)
tests/spaces/spaces2.c:19: ERROR: spaces prohibited around that '->' (ctx:WxW)
total: 7 errors, 0 warnings, 21 lines checked
