tests/style/line_break/line_break2.c:11: WARNING: Block comments use * on subsequent lines
tests/style/line_break/line_break2.c:11: WARNING: Block comments use a trailing */ on a separate line
total: 0 errors, 2 warnings, 14 lines checked
